// Jest Snapshot v1, https://goo.gl/fbAQLP

exports[`BackButton Component Test should render backbutton 1`] = `ShallowWrapper {}`;
