// Jest Snapshot v1, https://goo.gl/fbAQLP

exports[`Character List Component should render character list 1`] = `
"<div className=\\"list\\">
  <Link to=\\"/undefined\\">
    <CharacterCard char={{...}} />
  </Link>
</div>"
`;
