// Jest Snapshot v1, https://goo.gl/fbAQLP

exports[`Navbar Component Test should render navbar 1`] = `ShallowWrapper {}`;
